// Jest Snapshot v1, https://goo.gl/fbAQLP

exports[`schema allows up to 10k tokens 1`] = `null`;

exports[`schema checks extensions 1`] = `null`;

exports[`schema checks extensions 2`] = `null`;

exports[`schema checks token address 1`] = `null`;

exports[`schema checks version 1`] = `null`;

exports[`schema empty list fails 1`] = `null`;

exports[`schema fails with 10001 tokens 1`] = `null`;

exports[`schema fails with big names 1`] = `null`;

exports[`schema invalid decimals 1`] = `null`;

exports[`schema invalid logo URI 1`] = `null`;

exports[`schema invalid number of tags on token 1`] = `null`;

exports[`schema invalid timestamp 1`] = `null`;

exports[`schema minimum example schema 1`] = `null`;

exports[`schema requires name, timestamp, version, tokens 1`] = `null`;

exports[`schema works for big example schema 1`] = `null`;

exports[`schema works for example schema 1`] = `null`;

exports[`schema works for special characters schema 1`] = `null`;
